###############################################################################
#
# IAR ELF Linker V7.40.3.8902/W32 for ARM                 06/May/2016  15:39:38
# Copyright 2007-2015 IAR Systems AB.
#
#    Output file  =  
#        E:\飞思卡尔资料\YueYe (1)\Prj\IAR\FX15_Debug\Exe\vcan_Kinetis.out
#    Map file     =  
#        E:\飞思卡尔资料\YueYe (1)\Prj\IAR\FX15_Debug\List\vcan_Kinetis.map
#    Command line =  
#        "E:\飞思卡尔资料\YueYe (1)\Prj\IAR\FX15_Debug\Obj\core.o"
#        "E:\飞思卡尔资料\YueYe (1)\Prj\IAR\FX15_Debug\Obj\diskio.o"
#        "E:\飞思卡尔资料\YueYe (1)\Prj\IAR\FX15_Debug\Obj\ff.o"
#        "E:\飞思卡尔资料\YueYe (1)\Prj\IAR\FX15_Debug\Obj\main.o"
#        "E:\飞思卡尔资料\YueYe (1)\Prj\IAR\FX15_Debug\Obj\misc.o"
#        "E:\飞思卡尔资料\YueYe (1)\Prj\IAR\FX15_Debug\Obj\MK60_adc.o"
#        "E:\飞思卡尔资料\YueYe (1)\Prj\IAR\FX15_Debug\Obj\MK60_can.o"
#        "E:\飞思卡尔资料\YueYe (1)\Prj\IAR\FX15_Debug\Obj\MK60_conf.o"
#        "E:\飞思卡尔资料\YueYe (1)\Prj\IAR\FX15_Debug\Obj\MK60_dac.o"
#        "E:\飞思卡尔资料\YueYe (1)\Prj\IAR\FX15_Debug\Obj\MK60_dma.o"
#        "E:\飞思卡尔资料\YueYe (1)\Prj\IAR\FX15_Debug\Obj\MK60_DWT.o"
#        "E:\飞思卡尔资料\YueYe (1)\Prj\IAR\FX15_Debug\Obj\MK60_flash.o"
#        "E:\飞思卡尔资料\YueYe (1)\Prj\IAR\FX15_Debug\Obj\MK60_flexbus.o"
#        "E:\飞思卡尔资料\YueYe (1)\Prj\IAR\FX15_Debug\Obj\MK60_ftm.o"
#        "E:\飞思卡尔资料\YueYe (1)\Prj\IAR\FX15_Debug\Obj\MK60_gpio.o"
#        "E:\飞思卡尔资料\YueYe (1)\Prj\IAR\FX15_Debug\Obj\MK60_i2c.o"
#        "E:\飞思卡尔资料\YueYe (1)\Prj\IAR\FX15_Debug\Obj\MK60_it.o"
#        "E:\飞思卡尔资料\YueYe (1)\Prj\IAR\FX15_Debug\Obj\MK60_lptmr.o"
#        "E:\飞思卡尔资料\YueYe (1)\Prj\IAR\FX15_Debug\Obj\MK60_mcg.o"
#        "E:\飞思卡尔资料\YueYe (1)\Prj\IAR\FX15_Debug\Obj\MK60_PIT.o"
#        "E:\飞思卡尔资料\YueYe (1)\Prj\IAR\FX15_Debug\Obj\MK60_port.o"
#        "E:\飞思卡尔资料\YueYe (1)\Prj\IAR\FX15_Debug\Obj\MK60_rtc.o"
#        "E:\飞思卡尔资料\YueYe (1)\Prj\IAR\FX15_Debug\Obj\MK60_sdhc.o"
#        "E:\飞思卡尔资料\YueYe (1)\Prj\IAR\FX15_Debug\Obj\MK60_spi.o"
#        "E:\飞思卡尔资料\YueYe (1)\Prj\IAR\FX15_Debug\Obj\MK60_SysTick.o"
#        "E:\飞思卡尔资料\YueYe (1)\Prj\IAR\FX15_Debug\Obj\MK60_uart.o"
#        "E:\飞思卡尔资料\YueYe (1)\Prj\IAR\FX15_Debug\Obj\MK60_usb.o"
#        "E:\飞思卡尔资料\YueYe (1)\Prj\IAR\FX15_Debug\Obj\MK60_wdog.o"
#        "E:\飞思卡尔资料\YueYe (1)\Prj\IAR\FX15_Debug\Obj\OLED.o"
#        "E:\飞思卡尔资料\YueYe (1)\Prj\IAR\FX15_Debug\Obj\startup_MK60DZ10.o"
#        "E:\飞思卡尔资料\YueYe (1)\Prj\IAR\FX15_Debug\Obj\system_MK60DZ10.o"
#        "E:\飞思卡尔资料\YueYe (1)\Prj\IAR\FX15_Debug\Obj\USB.o"
#        "E:\飞思卡尔资料\YueYe (1)\Prj\IAR\FX15_Debug\Obj\USB_CDC.o"
#        "E:\飞思卡尔资料\YueYe (1)\Prj\IAR\FX15_Debug\Obj\VCAN_ASCII.o"
#        "E:\飞思卡尔资料\YueYe (1)\Prj\IAR\FX15_Debug\Obj\vcan_img2sd.o"
#        "E:\飞思卡尔资料\YueYe (1)\Prj\IAR\FX15_Debug\Obj\VCAN_key.o"
#        "E:\飞思卡尔资料\YueYe (1)\Prj\IAR\FX15_Debug\Obj\VCAN_LED.o"
#        "E:\飞思卡尔资料\YueYe (1)\Prj\IAR\FX15_Debug\Obj\VCAN_MMA7455.o"
#        "E:\飞思卡尔资料\YueYe (1)\Prj\IAR\FX15_Debug\Obj\VCAN_NRF24L0.o"
#        "E:\飞思卡尔资料\YueYe (1)\Prj\IAR\FX15_Debug\Obj\VCAN_OV7725_Eagle.o"
#        "E:\飞思卡尔资料\YueYe (1)\Prj\IAR\FX15_Debug\Obj\VCAN_RTC_count.o"
#        "E:\飞思卡尔资料\YueYe (1)\Prj\IAR\FX15_Debug\Obj\VCAN_SCCB.o"
#        "E:\飞思卡尔资料\YueYe (1)\Prj\IAR\FX15_Debug\Obj\VCAN_TSL1401.o"
#        "E:\飞思卡尔资料\YueYe (1)\Prj\IAR\FX15_Debug\Obj\vectors.o"
#        --redirect _Printf=_PrintfLargeNoMb --redirect _Scanf=_ScanfLargeNoMb
#        -o "E:\飞思卡尔资料\YueYe (1)\Prj\IAR\FX15_Debug\Exe\vcan_Kinetis.out"
#        --map "E:\飞思卡尔资料\YueYe
#        (1)\Prj\IAR\FX15_Debug\List\vcan_Kinetis.map" --config
#        "E:\飞思卡尔资料\YueYe (1)\Prj\IAR\config files\vcan_ROM_K60X512.icf"
#        "E:\飞思卡尔资料\YueYe
#        (1)\Prj\IAR\..\..\Lib\CMSIS\iar_cortexM4l_math.a" --entry
#        __iar_program_start --redirect __write=__write_buffered --vfe
#
###############################################################################

*******************************************************************************
*** RUNTIME MODEL ATTRIBUTES
***

CppFlavor       = *
__SystemLibrary = DLib


*******************************************************************************
*** PLACEMENT SUMMARY
***

"A1":  place at 0x00000000 { ro section .intvec };
"A2":  place at 0x00000410 { ro section .noinit };
"P1":  place in [from 0x00000000 to 0x00080000] |
                [from 0x10000000 to 0x1007ffff] { ro, block CodeRelocate };
"P2":  place in [from 0x14000000 to 0x14003fff] |
                [from 0x1fff0410 to 0x20010000] {
          rw, block CodeRelocateRam, block CSTACK, block HEAP };

  Section              Kind        Address    Size  Object
  -------              ----        -------    ----  ------
"A1":                                        0x410
  .intvec              const    0x00000000   0x410  vectors.o [1]
                              - 0x00000410   0x410

"A2":                                          0x8
  .noinit              ro code  0x00000410     0x8  startup_MK60DZ10.o [1]
                              - 0x00000418     0x8

"P1":                                       0x5a80
  .text                ro code  0x00000418   0xbf6  xprintflarge_nomb.o [3]
  .rodata              const    0x0000100e     0x2  core.o [1]
  .text                ro code  0x00001010    0x16  strchr.o [5]
  .text                ro code  0x00001028    0x36  strlen.o [5]
  .text                ro code  0x00001060    0x58  memchr.o [5]
  .text                ro code  0x000010b8    0xee  I64DivMod.o [5]
  .text                ro code  0x000011a8    0x76  ABImemcpy_unaligned.o [5]
  .text                ro code  0x0000121e    0x42  xdnorm.o [4]
  .text                ro code  0x00001260    0x2e  DblCmpLe.o [4]
  .text                ro code  0x00001290   0x1a2  DblMul.o [4]
  .text                ro code  0x00001434   0x256  DblDiv.o [4]
  .text                ro code  0x0000168c    0x2c  DblToI32.o [4]
  .text                ro code  0x000016b8    0x1c  I32ToDbl.o [4]
  .text                ro code  0x000016d4   0x180  DblSub.o [4]
  .text                ro code  0x00001854    0x6c  localeconv.o [3]
  .text                ro code  0x000018c0     0xe  div.o [3]
  .text                ro code  0x000018d0     0x2  I64DivZer.o [5]
  .text                ro code  0x000018d4    0xd4  DblAdd.o [4]
  .text                ro code  0x000019a8     0x2  xtls.o [3]
  Veneer               ro code  0x000019ac     0x8  - Linker created -
  Veneer               ro code  0x000019b4     0x8  - Linker created -
  Veneer               ro code  0x000019bc     0x8  - Linker created -
  Veneer               ro code  0x000019c4     0x8  - Linker created -
  Veneer               ro code  0x000019cc     0x8  - Linker created -
  .text                ro code  0x000019d4   0xbb0  core.o [1]
  .text                ro code  0x00002584   0x130  MK60_gpio.o [1]
  .text                ro code  0x000026b4   0x2ac  MK60_ftm.o [1]
  .text                ro code  0x00002960   0x4f0  OLED.o [1]
  .text                ro code  0x00002e50    0x9c  VCAN_key.o [1]
  .text                ro code  0x00002eec    0x78  MK60_DWT.o [1]
  .text                ro code  0x00002f64   0x4d0  MK60_dma.o [1]
  .text                ro code  0x00003434   0x22c  VCAN_OV7725_Eagle.o [1]
  .text                ro code  0x00003660    0xb0  MK60_port.o [1]
  Veneer               ro code  0x00003710     0x8  - Linker created -
  Veneer               ro code  0x00003718     0x8  - Linker created -
  .text                ro code  0x00003720   0x140  MK60_conf.o [1]
  .text                ro code  0x00003860   0x362  VCAN_SCCB.o [1]
  .text                ro code  0x00003bc4    0x24  printf.o [3]
  .text                ro code  0x00003be8    0x50  VCAN_LED.o [1]
  .text                ro code  0x00003c38   0x240  MK60_uart.o [1]
  CodeRelocate                  0x00003e78   0x8fc  <Block>
    Initializer bytes  const    0x00003e78   0x8fc  <for CodeRelocateRam-1>
  .data_init                    0x00004774   0x878  <Block>
    Initializer bytes  const    0x00004774   0x878  <for .data-1>
  Veneer               ro code  0x00004fec     0x8  - Linker created -
  .text                ro code  0x00004ff4   0x3d4  MK60_mcg.o [1]
  .rodata              const    0x000053c8   0x228  OLED.o [1]
  .text                ro code  0x000055f0   0x1fa  main.o [1]
  .text                ro code  0x000057ec    0x50  misc.o [1]
  .text                ro code  0x0000583c    0x7c  MK60_PIT.o [1]
  .text                ro code  0x000058b8   0x124  system_MK60DZ10.o [1]
  .text                ro code  0x000059dc    0x40  MK60_wdog.o [1]
  .text                ro code  0x00005a1c    0x40  zero_init3.o [5]
  .rodata              const    0x00005a5c    0x3c  MK60_conf.o [1]
  .text                ro code  0x00005a98    0x32  ABImemset48.o [5]
  .rodata              const    0x00005acc    0x30  MK60_dma.o [1]
  .rodata              const    0x00005afc    0x30  MK60_flash.o [1]
  .rodata              const    0x00005b2c    0x30  MK60_ftm.o [1]
  .rodata              const    0x00005b5c    0x30  MK60_gpio.o [1]
  .rodata              const    0x00005b8c    0x30  MK60_PIT.o [1]
  .rodata              const    0x00005bbc    0x30  MK60_uart.o [1]
  .rodata              const    0x00005bec    0x2c  misc.o [1]
  .text                ro code  0x00005c18    0x28  data_init.o [5]
  .rodata              const    0x00005c40    0x24  MK60_conf.o [1]
  .rodata              const    0x00005c64    0x24  VCAN_OV7725_Eagle.o [1]
  .rodata              const    0x00005c88    0x24  VCAN_OV7725_Eagle.o [1]
  .iar.init_table      const    0x00005cac    0x10  - Linker created -
  .rodata              const    0x00005cbc    0x20  MK60_conf.o [1]
  .rodata              const    0x00005cdc    0x20  VCAN_OV7725_Eagle.o [1]
  .text                ro code  0x00005cfc    0x1a  cmain.o [5]
  .text                ro code  0x00005d16     0x4  low_level_init.o [3]
  .text                ro code  0x00005d1a     0x4  exit.o [3]
  .text                ro code  0x00005d20     0xa  cexit.o [5]
  .text                ro code  0x00005d2c     0xc  XXexit.o [5]
  .rodata              const    0x00005d38    0x18  VCAN_OV7725_Eagle.o [1]
  .rodata              const    0x00005d50    0x18  VCAN_OV7725_Eagle.o [1]
  .text                ro code  0x00005d68    0x16  xprout.o [3]
  .text                ro code  0x00005d80     0xc  putchar.o [3]
  .rodata              const    0x00005d8c    0x14  MK60_conf.o [1]
  .rodata              const    0x00005da0    0x14  VCAN_OV7725_Eagle.o [1]
  .rodata              const    0x00005db4    0x10  core.o [1]
  .rodata              const    0x00005dc4    0x10  core.o [1]
  .rodata              const    0x00005dd4     0xc  core.o [1]
  .rodata              const    0x00005de0     0xc  core.o [1]
  .text                ro code  0x00005dec     0xc  cstartup_M.o [5]
  .rodata              const    0x00005df8     0x8  core.o [1]
  .rodata              const    0x00005e00     0x8  core.o [1]
  .text                ro code  0x00005e08     0x6  ABImemclr4.o [5]
  .rodata              const    0x00005e0e     0x0  zero_init3.o [5]
  Initializer bytes    const    0x00005e10    0x88  <for P2 s0>
                              - 0x00005e98  0x5a80

"P2":                                       0x3a88
  CodeRelocateRam               0x14000000   0x8fc  <Block>
    CodeRelocateRam-1           0x14000000   0x8fc  <Init block>
      Veneer           inited   0x14000000     0x8  - Linker created -
      .textrw          inited   0x14000008   0x620  core.o [1]
      Veneer           inited   0x14000628     0x8  - Linker created -
      .textrw          inited   0x14000630   0x188  MK60_flash.o [1]
      .textrw          inited   0x140007b8    0xf4  MK60_ftm.o [1]
      .textrw          inited   0x140008ac    0x50  MK60_mcg.o [1]
  .data                         0x140008fc   0x878  <Block>
    .data-1                     0x140008fc   0x878  <Init block>
      .data            inited   0x140008fc     0x1  core.o [1]
      .data            inited   0x140008fe     0x2  core.o [1]
      .data            inited   0x14000900     0x2  core.o [1]
      .data            inited   0x14000902     0x2  core.o [1]
      .data            inited   0x14000904     0x2  core.o [1]
      .data            inited   0x14000906     0x2  core.o [1]
      .data            inited   0x14000908     0x2  core.o [1]
      .data            inited   0x1400090c   0x708  MK60_conf.o [1]
      .data            inited   0x14001014     0xc  MK60_ftm.o [1]
      .data            inited   0x14001020    0x14  MK60_gpio.o [1]
      .data            inited   0x14001034    0x58  MK60_mcg.o [1]
      .data            inited   0x1400108c     0x4  MK60_mcg.o [1]
      .data            inited   0x14001090    0x14  MK60_port.o [1]
      .data            inited   0x140010a4    0x18  MK60_uart.o [1]
      .data            inited   0x140010bc     0x8  VCAN_key.o [1]
      .data            inited   0x140010c4     0x4  VCAN_LED.o [1]
      .data            inited   0x140010c8     0x1  VCAN_OV7725_Eagle.o [1]
      .data            inited   0x140010cc    0x64  VCAN_OV7725_Eagle.o [1]
      .data            inited   0x14001130     0x1  VCAN_OV7725_Eagle.o [1]
      .data            inited   0x14001134    0x40  xfiles.o [3]
  .bss                          0x14001174  0x288c  <Block>
    .bss               zero     0x14001174   0x258  core.o [1]
    .bss               zero     0x140013cc  0x12c0  core.o [1]
    .bss               zero     0x1400268c  0x12c0  core.o [1]
    .bss               zero     0x1400394c     0x4  core.o [1]
    .bss               zero     0x14003950    0x40  MK60_dma.o [1]
    .bss               zero     0x14003990     0x4  system_MK60DZ10.o [1]
    .bss               zero     0x14003994     0x4  system_MK60DZ10.o [1]
    .bss               zero     0x14003998     0x4  system_MK60DZ10.o [1]
    .bss               zero     0x1400399c     0x4  VCAN_OV7725_Eagle.o [1]
    .bss               zero     0x140039a0    0x50  xfiles.o [3]
    .bss               zero     0x140039f0     0x2  core.o [1]
    .bss               zero     0x140039f2     0x2  core.o [1]
    .bss               zero     0x140039f4     0x1  core.o [1]
    .bss               zero     0x140039f5     0x1  core.o [1]
    .bss               zero     0x140039f6     0x1  core.o [1]
    .bss               zero     0x140039f7     0x1  core.o [1]
    .bss               zero     0x140039f8     0x1  core.o [1]
    .bss               zero     0x140039f9     0x1  core.o [1]
    .bss               zero     0x140039fa     0x1  core.o [1]
    .bss               zero     0x140039fb     0x1  core.o [1]
    .bss               zero     0x140039fc     0x1  core.o [1]
    .bss               zero     0x140039fd     0x1  core.o [1]
  P2 s0                         0x14003a00    0x88  <Init block>
    __DLIB_PERTHREAD   inited   0x14003a00    0x88  localeconv.o [3]
                              - 0x14003a88  0x3a88


*******************************************************************************
*** INIT TABLE
***

          Address     Size
          -------     ----
Zero (__iar_zero_init3)
    1 destination range, total size 0x288a:
          0x14001174  0x288a



*******************************************************************************
*** MODULE SUMMARY
***

    Module                 ro code  rw code  ro data  rw data
    ------                 -------  -------  -------  -------
E:\飞思卡尔资料\YueYe (1)\Prj\IAR\FX15_Debug\Obj: [1]
    MK60_DWT.o                 120
    MK60_PIT.o                 124                48
    MK60_conf.o                320             1 950    1 800
    MK60_dma.o               1 232                48       64
    MK60_flash.o                        392      440
    MK60_ftm.o                 684      244      304       12
    MK60_gpio.o                304                68       20
    MK60_mcg.o                 980       80      172       92
    MK60_port.o                176                20       20
    MK60_uart.o                576                72       24
    MK60_wdog.o                 64
    OLED.o                   1 264               552
    VCAN_LED.o                  80                 4        4
    VCAN_OV7725_Eagle.o        556               277      106
    VCAN_SCCB.o                866
    VCAN_key.o                 156                 8        8
    core.o                   2 992    1 568    1 656   10 231
    main.o                     506
    misc.o                      80                44
    startup_MK60DZ10.o           8
    system_MK60DZ10.o          292                         12
    vectors.o                                  1 040
    ---------------------------------------------------------
    Total:                  11 380    2 284    6 703   12 393

command line: [2]
    ---------------------------------------------------------
    Total:

dl7M_tlf.a: [3]
    div.o                       14
    exit.o                       4
    localeconv.o               108               136      136
    low_level_init.o             4
    printf.o                    36
    putchar.o                   12
    xfiles.o                                      67      144
    xprintflarge_nomb.o      3 062
    xprout.o                    22
    xtls.o                       2
    ---------------------------------------------------------
    Total:                   3 264               203      280

m7M_tl.a: [4]
    DblAdd.o                   212
    DblCmpLe.o                  46
    DblDiv.o                   598
    DblMul.o                   418
    DblSub.o                   384
    DblToI32.o                  44
    I32ToDbl.o                  28
    xdnorm.o                    66
    ---------------------------------------------------------
    Total:                   1 796

rt7M_tl.a: [5]
    ABImemclr4.o                 6
    ABImemcpy_unaligned.o      118
    ABImemset48.o               50
    I64DivMod.o                238
    I64DivZer.o                  2
    XXexit.o                    12
    cexit.o                     10
    cmain.o                     26
    cstartup_M.o                12
    data_init.o                 40
    memchr.o                    88
    strchr.o                    22
    strlen.o                    54
    zero_init3.o                64
    ---------------------------------------------------------
    Total:                     742

    Gaps                        28                 2        9
    Linker created              64       16       34
-------------------------------------------------------------
    Grand Total:            17 274    2 300    6 942   12 682


*******************************************************************************
*** ENTRY LIST
***

Entry                      Address    Size  Type      Object
-----                      -------    ----  ----      ------
.bss$$Base              0x14001174           --   Gb  - Linker created -
.bss$$Limit             0x14003a00           --   Gb  - Linker created -
.data$$Base             0x140008fc           --   Gb  - Linker created -
.data$$Limit            0x14001174           --   Gb  - Linker created -
.data_init$$Base        0x00004774           --   Gb  - Linker created -
.data_init$$Limit       0x00004fec           --   Gb  - Linker created -
.iar.init_table$$Base   0x00005cac           --   Gb  - Linker created -
.iar.init_table$$Limit  0x00005cbc           --   Gb  - Linker created -
?main                   0x00005cfd          Code  Gb  cmain.o [5]
ASSERT_FAILED_STR       0x00005c40    0x24  Data  Gb  MK60_conf.o [1]
CodeRelocate$$Base      0x00003e78           --   Gb  - Linker created -
CodeRelocate$$Limit     0x00004774           --   Gb  - Linker created -
CodeRelocateRam$$Base   0x14000000           --   Gb  - Linker created -
CodeRelocateRam$$Limit  0x140008fc           --   Gb  - Linker created -
DMA0_IRQHandler         0x000024c1    0x18  Code  Gb  core.o [1]
DMA1_IRQHandler         0x000024d9    0x1a  Code  Gb  core.o [1]
DMA_count_Init          0x000031bf   0x1f6  Code  Gb  MK60_dma.o [1]
DMA_count_get           0x000033b5    0x1c  Code  Gb  MK60_dma.o [1]
DMA_count_reset         0x000033d1    0x18  Code  Gb  MK60_dma.o [1]
Encoder_Compute         0x0000247d    0x22  Code  Gb  core.o [1]
F6x8                    0x000053c8   0x228  Data  Gb  OLED.o [1]
FTMN                    0x14001014     0xc  Data  Gb  MK60_ftm.o [1]
FTM_PWM_Duty            0x140007b9    0xf4  Code  Gb  MK60_ftm.o [1]
FTM_PWM_init            0x000027cd   0x180  Code  Gb  MK60_ftm.o [1]
FTM_port_mux            0x000026b5   0x118  Code  Lc  MK60_ftm.o [1]
GPIOX                   0x14001020    0x14  Data  Gb  MK60_gpio.o [1]
Init_All                0x00005697    0xba  Code  Gb  main.o [1]
Init_Key                0x00005779    0x72  Code  Gb  main.o [1]
KEY_PTxn                0x140010bc     0x8  Data  Gb  VCAN_key.o [1]
LED_PTxn                0x140010c4     0x4  Data  Gb  VCAN_LED.o [1]
LoadInt                 0x00000999    0x6e  Code  Lc  xprintflarge_nomb.o [3]
NVIC_DisableIRQ         0x00003449    0x14  Code  Lc  VCAN_OV7725_Eagle.o [1]
NVIC_EnableIRQ          0x000055fb    0x14  Code  Lc  main.o [1]
NVIC_EnableIRQ          0x00002f65    0x16  Code  Lc  MK60_dma.o [1]
NVIC_EnableIRQ          0x00003435    0x14  Code  Lc  VCAN_OV7725_Eagle.o [1]
NVIC_EncodePriority     0x00005635    0x3e  Code  Lc  main.o [1]
NVIC_GetPriorityGrouping
                        0x000055f1     0xa  Code  Lc  main.o [1]
NVIC_SetPriority        0x0000560f    0x26  Code  Lc  main.o [1]
NVIC_SystemReset        0x00003721    0x1a  Code  Lc  MK60_conf.o [1]
OLED_6x8Str             0x00002c29    0xa4  Code  Gb  OLED.o [1]
OLED_Fill               0x000029f9    0x40  Code  Gb  OLED.o [1]
OLED_Init               0x00001b03     0xc  Code  Gb  core.o [1]
OLED_Parameter          0x00001d95   0x28e  Code  Gb  core.o [1]
OLED_PrintImage         0x00002d43   0x10e  Code  Gb  OLED.o [1]
OLED_SetPos             0x00002a39    0x28  Code  Gb  OLED.o [1]
OLED_WrCmd              0x000029ad    0x4c  Code  Gb  OLED.o [1]
OLED_WrDat              0x00002961    0x4a  Code  Gb  OLED.o [1]
OLED_init               0x00002b79    0xb0  Code  Gb  OLED.o [1]
OLED_model              0x00001b5b    0xb6  Code  Gb  core.o [1]
OLED_scan_model         0x00001c11   0x11c  Code  Gb  core.o [1]
OLED_show               0x00001b0f    0x4c  Code  Gb  core.o [1]
OLED_show_img           0x00001d2d    0x60  Code  Gb  core.o [1]
OLED_xs_number          0x00002ce1    0x62  Code  Gb  OLED.o [1]
PIT0_IRQHandler         0x000024f3    0x14  Code  Gb  core.o [1]
PORTA_IRQHandler        0x0000249f    0x22  Code  Gb  core.o [1]
PORTX                   0x14001090    0x14  Data  Gb  MK60_port.o [1]
Region$$Table$$Base     0x00005cac           --   Gb  - Linker created -
Region$$Table$$Limit    0x00005cbc           --   Gb  - Linker created -
Reset_Handler           0x00000411          Code  Gb  startup_MK60DZ10.o [1]
SCCB_Ack                0x00003935    0x3c  Code  Lc  VCAN_SCCB.o [1]
SCCB_GPIO_init          0x0000387b    0x28  Code  Gb  VCAN_SCCB.o [1]
SCCB_NoAck              0x00003971    0x3c  Code  Lc  VCAN_SCCB.o [1]
SCCB_ReadByte           0x00003b11    0x2c  Code  Gb  VCAN_SCCB.o [1]
SCCB_ReadByte_one       0x00003b3d    0x86  Code  Lc  VCAN_SCCB.o [1]
SCCB_ReceiveByte        0x00003a3d    0x54  Code  Lc  VCAN_SCCB.o [1]
SCCB_SendByte           0x000039f9    0x44  Code  Lc  VCAN_SCCB.o [1]
SCCB_Start              0x000038a3    0x5e  Code  Lc  VCAN_SCCB.o [1]
SCCB_Stop               0x00003901    0x34  Code  Lc  VCAN_SCCB.o [1]
SCCB_WaitAck            0x000039ad    0x4c  Code  Lc  VCAN_SCCB.o [1]
SCCB_WriteByte          0x00003aa1    0x28  Code  Gb  VCAN_SCCB.o [1]
SCCB_WriteByte_one      0x00003ac9    0x48  Code  Lc  VCAN_SCCB.o [1]
SCCB_delay              0x00003861    0x1a  Code  Lc  VCAN_SCCB.o [1]
Scan                    0x14000009   0x454  Code  Gb  core.o [1]
SetAddressingMode       0x00002a61    0x14  Code  Gb  OLED.o [1]
SetChargePump           0x00002a99    0x16  Code  Gb  OLED.o [1]
SetCommonConfig         0x00002b4f    0x16  Code  Gb  OLED.o [1]
SetCommonRemap          0x00002b03    0x10  Code  Gb  OLED.o [1]
SetContrastControl      0x00002a85    0x14  Code  Gb  OLED.o [1]
SetDisplayClock         0x00002b27    0x14  Code  Gb  OLED.o [1]
SetDisplayOffset        0x00002b13    0x14  Code  Gb  OLED.o [1]
SetDisplayOnOff         0x00002af3    0x10  Code  Gb  OLED.o [1]
SetEntireDisplay        0x00002abf    0x10  Code  Gb  OLED.o [1]
SetInverseDisplay       0x00002acf    0x10  Code  Gb  OLED.o [1]
SetMultiplexRatio       0x00002adf    0x14  Code  Gb  OLED.o [1]
SetPrechargePeriod      0x00002b3b    0x14  Code  Gb  OLED.o [1]
SetSegmentRemap         0x00002aaf    0x10  Code  Gb  OLED.o [1]
SetStartLine            0x00002a75    0x10  Code  Gb  OLED.o [1]
SetVCOMH                0x00002b65    0x14  Code  Gb  OLED.o [1]
Turn                    0x0000238f    0x64  Code  Gb  core.o [1]
UARTN                   0x140010a4    0x18  Data  Gb  MK60_uart.o [1]
Ultrasonic_Init         0x00001a63    0x4a  Code  Gb  core.o [1]
_GenldLargeNoMb         0x00000d8d   0x238  Code  Lc  xprintflarge_nomb.o [3]
_LdtobLargeNoMb         0x00000b0d   0x27a  Code  Lc  xprintflarge_nomb.o [3]
_LitobLargeNoMb         0x00000a07   0x106  Code  Lc  xprintflarge_nomb.o [3]
_Locale_aeabi_lconv     0x14003a50    0x38  Data  Gb  localeconv.o [3]
_Locale_lconv           0x14003a00    0x50  Data  Gb  localeconv.o [3]
_PrintfLargeNoMb        0x00000419   0x57a  Code  Gb  xprintflarge_nomb.o [3]
_Prout                  0x00005d69    0x16  Code  Gb  xprout.o [3]
_PutcharsLargeNoMb      0x00000fc5    0x2e  Code  Lc  xprintflarge_nomb.o [3]
__BOOT_STACK_ADDRESS {Abs}
                        0x2000fff8           --   Gb  command line/config [2]
__VECTOR_RAM {Abs}      0x1fff0000           --   Gb  command line/config [2]
__VECTOR_TABLE {Abs}    0x00000000           --   Gb  command line/config [2]
__aeabi_cdcmple         0x00001261          Code  Gb  DblCmpLe.o [4]
__aeabi_d2uiz           0x0000168d          Code  Gb  DblToI32.o [4]
__aeabi_ddiv            0x00001435          Code  Gb  DblDiv.o [4]
__aeabi_dmul            0x00001291          Code  Gb  DblMul.o [4]
__aeabi_dsub            0x000016d5          Code  Gb  DblSub.o [4]
__aeabi_ldiv0           0x000018d1          Code  Gb  I64DivZer.o [5]
__aeabi_memclr4         0x00005e09          Code  Gb  ABImemclr4.o [5]
__aeabi_ui2d            0x000016b9          Code  Gb  I32ToDbl.o [4]
__aeabi_uldivmod        0x000010b9          Code  Gb  I64DivMod.o [5]
__cmain                 0x00005cfd          Code  Gb  cmain.o [5]
__code_start__ {Abs}    0x00000410           --   Gb  command line/config [2]
__exit                  0x00005d2d          Code  Gb  XXexit.o [5]
__iar_Dnorm             0x0000121f    0x42  Code  Gb  xdnorm.o [4]
__iar_Locale_lconv_init
                        0x00001855    0x3a  Code  Gb  localeconv.o [3]
__iar_Memchr            0x00001061          Code  Gb  memchr.o [5]
__iar_Memset4_word      0x00005a99          Code  Gb  ABImemset48.o [5]
__iar_Memset8_word      0x00005a99          Code  Gb  ABImemset48.o [5]
__iar_Stdout            0x14001134    0x40  Data  Gb  xfiles.o [3]
__iar_Strchr            0x00001011          Code  Gb  strchr.o [5]
__iar_d2uiz             0x00001699          Code  Gb  DblToI32.o [4]
__iar_dadd              0x000018d5          Code  Gb  DblAdd.o [4]
__iar_data_init3        0x00005c19    0x28  Code  Gb  data_init.o [5]
__iar_dlib_perthread_access
                        0x000019a9     0x2  Code  Gb  xtls.o [3]
__iar_dsub              0x000016e9          Code  Gb  DblSub.o [4]
__iar_dsubStart         0x000016fb          Code  Gb  DblSub.o [4]
__iar_program_start     0x00005ded          Code  Gb  cstartup_M.o [5]
__iar_ui2d              0x000016bd          Code  Gb  I32ToDbl.o [4]
__iar_unaligned___aeabi_memcpy
                        0x000011a9          Code  Gb  ABImemcpy_unaligned.o [5]
__iar_unaligned___aeabi_memcpy4
                        0x000011c9          Code  Gb  ABImemcpy_unaligned.o [5]
__iar_unaligned___aeabi_memcpy8
                        0x000011c9          Code  Gb  ABImemcpy_unaligned.o [5]
__iar_zero_init3        0x00005a1d    0x40  Code  Gb  zero_init3.o [5]
__low_level_init        0x00005d17     0x4  Code  Gb  low_level_init.o [3]
__vector_table          0x00000000   0x410  Data  Gb  vectors.o [1]
_call_main              0x00005d09          Code  Gb  cmain.o [5]
_exit                   0x00005d21          Code  Gb  cexit.o [5]
_main                   0x00005d13          Code  Gb  cmain.o [5]
assert_failed           0x0000373b    0x26  Code  Gb  MK60_conf.o [1]
back                    0x0000244f    0x24  Code  Gb  core.o [1]
bus_clk_khz             0x14003998     0x4  Data  Gb  system_MK60DZ10.o [1]
checkKey                0x00002051   0x33e  Code  Gb  core.o [1]
common_startup          0x0000590d    0x98  Code  Gb  system_MK60DZ10.o [1]
core_clk_khz            0x14003990     0x4  Data  Gb  system_MK60DZ10.o [1]
core_clk_mhz            0x14003994     0x4  Data  Gb  system_MK60DZ10.o [1]
count_init              0x14003950    0x40  Data  Gb  MK60_dma.o [1]
default_isr             0x0000380f    0x30  Code  Gb  MK60_conf.o [1]
div                     0x000018c1     0xe  Code  Gb  div.o [3]
dma_portx2buff_init     0x00002f7b   0x244  Code  Gb  MK60_dma.o [1]
dwt_delay_ms            0x00002f4d    0x18  Code  Gb  MK60_DWT.o [1]
dwt_delay_us            0x00002eed    0x4e  Code  Gb  MK60_DWT.o [1]
exit                    0x00005d1b     0x4  Code  Gb  exit.o [3]
flash_cmd               0x14000631    0x20  Code  Gb  MK60_flash.o [1]
flash_erase_sector      0x1400066d    0x5c  Code  Gb  MK60_flash.o [1]
flash_init              0x14000651    0x1c  Code  Gb  MK60_flash.o [1]
flash_write             0x140006c9    0xb4  Code  Gb  MK60_flash.o [1]
fputc                   0x00003761    0x14  Code  Gb  MK60_conf.o [1]
go                      0x140005bb    0x20  Code  Gb  core.o [1]
go_s                    0x1400045d    0x30  Code  Gb  core.o [1]
gpio_get                0x0000266d    0x3e  Code  Gb  MK60_gpio.o [1]
gpio_init               0x00002585    0xae  Code  Gb  MK60_gpio.o [1]
gpio_turn               0x00002633    0x3a  Code  Gb  MK60_gpio.o [1]
img                     0x140013cc  0x12c0  Data  Gb  core.o [1]
img_OLED                0x1400268c  0x12c0  Data  Gb  core.o [1]
img_extract             0x000019d5    0x8e  Code  Gb  core.o [1]
imgbuff                 0x14001174   0x258  Data  Gb  core.o [1]
key_check               0x00002ebd    0x2a  Code  Gb  VCAN_key.o [1]
key_get                 0x00002ea3    0x1a  Code  Gb  VCAN_key.o [1]
key_init                0x00002e51    0x52  Code  Gb  VCAN_key.o [1]
led_init                0x00003be9    0x3a  Code  Gb  VCAN_LED.o [1]
led_turn                0x00003c23    0x10  Code  Gb  VCAN_LED.o [1]
left                    0x140005db    0x18  Code  Gb  core.o [1]
left_s                  0x1400048d    0x3a  Code  Gb  core.o [1]
limit_flag              0x140039f5     0x1  Data  Gb  core.o [1]
limit_speed             0x14000900     0x2  Data  Gb  core.o [1]
localeconv              0x0000188f    0x16  Code  Gb  localeconv.o [3]
main                    0x00005673    0x24  Code  Gb  main.o [1]
mcg_cfg                 0x14001034    0x58  Data  Gb  MK60_mcg.o [1]
mcg_div                 0x1400108c     0x4  Data  Gb  MK60_mcg.o [1]
mcg_div_count           0x00004ff5   0x304  Code  Gb  MK60_mcg.o [1]
memchr                  0x00001061          Code  Gb  memchr.o [5]
menu_choose             0x140039f7     0x1  Data  Gb  core.o [1]
menu_model              0x140039fa     0x1  Data  Gb  core.o [1]
model                   0x140039f6     0x1  Data  Gb  core.o [1]
motor_init              0x00001aad    0x34  Code  Gb  core.o [1]
obuf                    0x140039a0    0x50  Data  Lc  xfiles.o [3]
oled_show_img_flag      0x140039fb     0x1  Data  Gb  core.o [1]
ov7725_eagle_cfgnum     0x14001130     0x1  Data  Gb  VCAN_OV7725_Eagle.o [1]
ov7725_eagle_dma        0x0000350d    0x14  Code  Gb  VCAN_OV7725_Eagle.o [1]
ov7725_eagle_get_img    0x00003521    0x42  Code  Gb  VCAN_OV7725_Eagle.o [1]
ov7725_eagle_img_buff   0x1400399c     0x4  Data  Gb  VCAN_OV7725_Eagle.o [1]
ov7725_eagle_img_flag   0x140010c8     0x1  Data  Gb  VCAN_OV7725_Eagle.o [1]
ov7725_eagle_init       0x0000345d    0x18  Code  Gb  VCAN_OV7725_Eagle.o [1]
ov7725_eagle_port_init  0x00003475    0x54  Code  Lc  VCAN_OV7725_Eagle.o [1]
ov7725_eagle_reg        0x140010cc    0x64  Data  Gb  VCAN_OV7725_Eagle.o [1]
ov7725_eagle_reg_init   0x00003563    0xb0  Code  Lc  VCAN_OV7725_Eagle.o [1]
ov7725_eagle_vsync      0x000034c9    0x44  Code  Gb  VCAN_OV7725_Eagle.o [1]
parameter_choose        0x140039f8     0x1  Data  Gb  core.o [1]
pit0_flag               0x140039fd     0x1  Data  Gb  core.o [1]
pit_init                0x0000583d    0x6c  Code  Gb  MK60_PIT.o [1]
pll_init                0x000052f9    0xb2  Code  Gb  MK60_mcg.o [1]
port_init               0x00003661    0x44  Code  Gb  MK60_port.o [1]
port_init_NoALT         0x000036a5    0x62  Code  Gb  MK60_port.o [1]
printf                  0x00003bc5    0x24  Code  Gb  printf.o [3]
putchar                 0x00005d81     0xc  Code  Gb  putchar.o [3]
right                   0x140005f3    0x18  Code  Gb  core.o [1]
right_s                 0x140004c7    0x3a  Code  Gb  core.o [1]
scan_choose             0x140039f9     0x1  Data  Gb  core.o [1]
set_sys_dividers        0x140008ad    0x50  Code  Gb  MK60_mcg.o [1]
set_vector_handler      0x0000580f    0x22  Code  Gb  misc.o [1]
size                    0x140008fc     0x1  Data  Gb  core.o [1]
slow                    0x000023f3    0x5a  Code  Gb  core.o [1]
speed_count             0x1400394c     0x4  Data  Gb  core.o [1]
speed_limit             0x00001ae1    0x22  Code  Gb  core.o [1]
speed_out               0x140008fe     0x2  Data  Gb  core.o [1]
start                   0x000058b9    0x18  Code  Gb  system_MK60DZ10.o [1]
start_check             0x00003775    0x9a  Code  Gb  MK60_conf.o [1]
steer_mid               0x14000904     0x2  Data  Gb  core.o [1]
steer_mid_debug         0x14000902     0x2  Data  Gb  core.o [1]
steer_wucha             0x140039f2     0x2  Data  Gb  core.o [1]
stop_time               0x14000908     0x2  Data  Gb  core.o [1]
strchr                  0x00001011          Code  Gb  strchr.o [5]
strlen                  0x00001029          Code  Gb  strlen.o [5]
sysinit                 0x000058d1    0x3c  Code  Gb  system_MK60DZ10.o [1]
turn_direction          0x140039fc     0x1  Data  Gb  core.o [1]
turn_distance           0x14000906     0x2  Data  Gb  core.o [1]
turn_s                  0x14000501    0xba  Code  Gb  core.o [1]
uart_init               0x00003c39   0x20e  Code  Gb  MK60_uart.o [1]
uart_putchar            0x00003e47    0x1a  Code  Gb  MK60_uart.o [1]
ud                      0x140039f4     0x1  Data  Gb  core.o [1]
ultrasonic_distance     0x140039f0     0x2  Data  Gb  core.o [1]
vector_str              0x1400090c   0x708  Data  Gb  MK60_conf.o [1]
wdog_disable            0x000059dd    0x16  Code  Gb  MK60_wdog.o [1]
wdog_unlock             0x000059f3    0x20  Code  Lc  MK60_wdog.o [1]
write_vtor              0x000057ed    0x22  Code  Gb  misc.o [1]


[1] = E:\飞思卡尔资料\YueYe (1)\Prj\IAR\FX15_Debug\Obj
[2] = command line
[3] = dl7M_tlf.a
[4] = m7M_tl.a
[5] = rt7M_tl.a

  17 274 bytes of readonly  code memory
   2 300 bytes of readwrite code memory
   6 942 bytes of readonly  data memory
  12 682 bytes of readwrite data memory

Errors: none
Warnings: none
