###############################################################################
#
# IAR ELF Linker V7.40.3.8902/W32 for ARM                 24/Apr/2016  23:32:47
# Copyright 2007-2015 IAR Systems AB.
#
#    Output file  =  
#        E:\飞思卡尔资料\YueYe (1)\Prj\IAR\FX15_Debug\Exe\vcan_Kinetis.out
#    Map file     =  
#        E:\飞思卡尔资料\YueYe (1)\Prj\IAR\FX15_Debug\List\vcan_Kinetis.map
#    Command line =  
#        "E:\飞思卡尔资料\YueYe (1)\Prj\IAR\FX15_Debug\Obj\core.o"
#        "E:\飞思卡尔资料\YueYe (1)\Prj\IAR\FX15_Debug\Obj\diskio.o"
#        "E:\飞思卡尔资料\YueYe (1)\Prj\IAR\FX15_Debug\Obj\ff.o"
#        "E:\飞思卡尔资料\YueYe (1)\Prj\IAR\FX15_Debug\Obj\main.o"
#        "E:\飞思卡尔资料\YueYe (1)\Prj\IAR\FX15_Debug\Obj\misc.o"
#        "E:\飞思卡尔资料\YueYe (1)\Prj\IAR\FX15_Debug\Obj\MK60_adc.o"
#        "E:\飞思卡尔资料\YueYe (1)\Prj\IAR\FX15_Debug\Obj\MK60_can.o"
#        "E:\飞思卡尔资料\YueYe (1)\Prj\IAR\FX15_Debug\Obj\MK60_conf.o"
#        "E:\飞思卡尔资料\YueYe (1)\Prj\IAR\FX15_Debug\Obj\MK60_dac.o"
#        "E:\飞思卡尔资料\YueYe (1)\Prj\IAR\FX15_Debug\Obj\MK60_dma.o"
#        "E:\飞思卡尔资料\YueYe (1)\Prj\IAR\FX15_Debug\Obj\MK60_DWT.o"
#        "E:\飞思卡尔资料\YueYe (1)\Prj\IAR\FX15_Debug\Obj\MK60_flash.o"
#        "E:\飞思卡尔资料\YueYe (1)\Prj\IAR\FX15_Debug\Obj\MK60_flexbus.o"
#        "E:\飞思卡尔资料\YueYe (1)\Prj\IAR\FX15_Debug\Obj\MK60_ftm.o"
#        "E:\飞思卡尔资料\YueYe (1)\Prj\IAR\FX15_Debug\Obj\MK60_gpio.o"
#        "E:\飞思卡尔资料\YueYe (1)\Prj\IAR\FX15_Debug\Obj\MK60_i2c.o"
#        "E:\飞思卡尔资料\YueYe (1)\Prj\IAR\FX15_Debug\Obj\MK60_it.o"
#        "E:\飞思卡尔资料\YueYe (1)\Prj\IAR\FX15_Debug\Obj\MK60_lptmr.o"
#        "E:\飞思卡尔资料\YueYe (1)\Prj\IAR\FX15_Debug\Obj\MK60_mcg.o"
#        "E:\飞思卡尔资料\YueYe (1)\Prj\IAR\FX15_Debug\Obj\MK60_PIT.o"
#        "E:\飞思卡尔资料\YueYe (1)\Prj\IAR\FX15_Debug\Obj\MK60_port.o"
#        "E:\飞思卡尔资料\YueYe (1)\Prj\IAR\FX15_Debug\Obj\MK60_rtc.o"
#        "E:\飞思卡尔资料\YueYe (1)\Prj\IAR\FX15_Debug\Obj\MK60_sdhc.o"
#        "E:\飞思卡尔资料\YueYe (1)\Prj\IAR\FX15_Debug\Obj\MK60_spi.o"
#        "E:\飞思卡尔资料\YueYe (1)\Prj\IAR\FX15_Debug\Obj\MK60_SysTick.o"
#        "E:\飞思卡尔资料\YueYe (1)\Prj\IAR\FX15_Debug\Obj\MK60_uart.o"
#        "E:\飞思卡尔资料\YueYe (1)\Prj\IAR\FX15_Debug\Obj\MK60_usb.o"
#        "E:\飞思卡尔资料\YueYe (1)\Prj\IAR\FX15_Debug\Obj\MK60_wdog.o"
#        "E:\飞思卡尔资料\YueYe (1)\Prj\IAR\FX15_Debug\Obj\OLED.o"
#        "E:\飞思卡尔资料\YueYe (1)\Prj\IAR\FX15_Debug\Obj\startup_MK60DZ10.o"
#        "E:\飞思卡尔资料\YueYe (1)\Prj\IAR\FX15_Debug\Obj\system_MK60DZ10.o"
#        "E:\飞思卡尔资料\YueYe (1)\Prj\IAR\FX15_Debug\Obj\USB.o"
#        "E:\飞思卡尔资料\YueYe (1)\Prj\IAR\FX15_Debug\Obj\USB_CDC.o"
#        "E:\飞思卡尔资料\YueYe (1)\Prj\IAR\FX15_Debug\Obj\VCAN_ASCII.o"
#        "E:\飞思卡尔资料\YueYe (1)\Prj\IAR\FX15_Debug\Obj\vcan_img2sd.o"
#        "E:\飞思卡尔资料\YueYe (1)\Prj\IAR\FX15_Debug\Obj\VCAN_key.o"
#        "E:\飞思卡尔资料\YueYe (1)\Prj\IAR\FX15_Debug\Obj\VCAN_LED.o"
#        "E:\飞思卡尔资料\YueYe (1)\Prj\IAR\FX15_Debug\Obj\VCAN_MMA7455.o"
#        "E:\飞思卡尔资料\YueYe (1)\Prj\IAR\FX15_Debug\Obj\VCAN_NRF24L0.o"
#        "E:\飞思卡尔资料\YueYe (1)\Prj\IAR\FX15_Debug\Obj\VCAN_OV7725_Eagle.o"
#        "E:\飞思卡尔资料\YueYe (1)\Prj\IAR\FX15_Debug\Obj\VCAN_RTC_count.o"
#        "E:\飞思卡尔资料\YueYe (1)\Prj\IAR\FX15_Debug\Obj\VCAN_SCCB.o"
#        "E:\飞思卡尔资料\YueYe (1)\Prj\IAR\FX15_Debug\Obj\VCAN_TSL1401.o"
#        "E:\飞思卡尔资料\YueYe (1)\Prj\IAR\FX15_Debug\Obj\vectors.o"
#        --redirect _Printf=_PrintfLargeNoMb --redirect _Scanf=_ScanfLargeNoMb
#        -o "E:\飞思卡尔资料\YueYe (1)\Prj\IAR\FX15_Debug\Exe\vcan_Kinetis.out"
#        --map "E:\飞思卡尔资料\YueYe
#        (1)\Prj\IAR\FX15_Debug\List\vcan_Kinetis.map" --config
#        "E:\飞思卡尔资料\YueYe (1)\Prj\IAR\config files\vcan_ROM_K60X512.icf"
#        "E:\飞思卡尔资料\YueYe
#        (1)\Prj\IAR\..\..\Lib\CMSIS\iar_cortexM4l_math.a" --entry
#        __iar_program_start --redirect __write=__write_buffered --vfe
#
###############################################################################

*******************************************************************************
*** RUNTIME MODEL ATTRIBUTES
***

CppFlavor       = *
__SystemLibrary = DLib


*******************************************************************************
*** PLACEMENT SUMMARY
***

"A1":  place at 0x00000000 { ro section .intvec };
"A2":  place at 0x00000410 { ro section .noinit };
"P1":  place in [from 0x00000000 to 0x00080000] |
                [from 0x10000000 to 0x1007ffff] { ro, block CodeRelocate };
"P2":  place in [from 0x14000000 to 0x14003fff] |
                [from 0x1fff0410 to 0x20010000] {
          rw, block CodeRelocateRam, block CSTACK, block HEAP };

  Section              Kind        Address    Size  Object
  -------              ----        -------    ----  ------
"A1":                                        0x410
  .intvec              const    0x00000000   0x410  vectors.o [1]
                              - 0x00000410   0x410

"A2":                                          0x8
  .noinit              ro code  0x00000410     0x8  startup_MK60DZ10.o [1]
                              - 0x00000418     0x8

"P1":                                       0x5dfc
  Veneer               ro code  0x00000418     0x8  - Linker created -
  Veneer               ro code  0x00000420     0x8  - Linker created -
  Veneer               ro code  0x00000428     0x8  - Linker created -
  Veneer               ro code  0x00000430     0x8  - Linker created -
  Veneer               ro code  0x00000438     0x8  - Linker created -
  .text                ro code  0x00000440   0xda4  core.o [1]
  .text                ro code  0x000011e4   0x1a4  MK60_gpio.o [1]
  .text                ro code  0x00001388    0x78  MK60_DWT.o [1]
  .text                ro code  0x00001400   0x18c  MK60_PIT.o [1]
  .text                ro code  0x0000158c   0x2ac  MK60_ftm.o [1]
  .text                ro code  0x00001838   0x4f0  OLED.o [1]
  .text                ro code  0x00001d28    0x9c  VCAN_key.o [1]
  .text                ro code  0x00001dc4   0x4d0  MK60_dma.o [1]
  .text                ro code  0x00002294   0x22c  VCAN_OV7725_Eagle.o [1]
  .text                ro code  0x000024c0    0xb0  MK60_port.o [1]
  Veneer               ro code  0x00002570     0x8  - Linker created -
  Veneer               ro code  0x00002578     0x8  - Linker created -
  .text                ro code  0x00002580   0x140  MK60_conf.o [1]
  .text                ro code  0x000026c0   0x362  VCAN_SCCB.o [1]
  .rodata              const    0x00002a22     0x2  core.o [1]
  .text                ro code  0x00002a24    0x24  printf.o [3]
  .text                ro code  0x00002a48    0x50  VCAN_LED.o [1]
  .text                ro code  0x00002a98   0x240  MK60_uart.o [1]
  .text                ro code  0x00002cd8   0xbf6  xprintflarge_nomb.o [3]
  .text                ro code  0x000038d0    0x16  strchr.o [5]
  .text                ro code  0x000038e8    0x36  strlen.o [5]
  .text                ro code  0x00003920    0x58  memchr.o [5]
  .text                ro code  0x00003978    0xee  I64DivMod.o [5]
  .text                ro code  0x00003a68    0x76  ABImemcpy_unaligned.o [5]
  .text                ro code  0x00003ade    0x42  xdnorm.o [4]
  .text                ro code  0x00003b20    0x2e  DblCmpLe.o [4]
  .text                ro code  0x00003b50   0x1a2  DblMul.o [4]
  .text                ro code  0x00003cf4   0x256  DblDiv.o [4]
  .text                ro code  0x00003f4c    0x2c  DblToI32.o [4]
  .text                ro code  0x00003f78    0x1c  I32ToDbl.o [4]
  .text                ro code  0x00003f94   0x180  DblSub.o [4]
  .text                ro code  0x00004114    0x6c  localeconv.o [3]
  .text                ro code  0x00004180     0xe  div.o [3]
  .text                ro code  0x00004190     0x2  I64DivZer.o [5]
  .text                ro code  0x00004194    0xd4  DblAdd.o [4]
  .text                ro code  0x00004268     0x2  xtls.o [3]
  CodeRelocate                  0x0000426c   0x8fc  <Block>
    Initializer bytes  const    0x0000426c   0x8fc  <for CodeRelocateRam-1>
  .data_init                    0x00004b68   0x87c  <Block>
    Initializer bytes  const    0x00004b68   0x87c  <for .data-1> (used: 0x878)
  Veneer               ro code  0x000053e4     0x8  - Linker created -
  .text                ro code  0x000053ec   0x3d4  MK60_mcg.o [1]
  .rodata              const    0x000057c0   0x228  OLED.o [1]
  .text                ro code  0x000059e8   0x1fa  main.o [1]
  .text                ro code  0x00005be4    0x50  misc.o [1]
  .text                ro code  0x00005c34   0x124  system_MK60DZ10.o [1]
  .text                ro code  0x00005d58    0x40  MK60_wdog.o [1]
  .text                ro code  0x00005d98    0x40  zero_init3.o [5]
  .rodata              const    0x00005dd8    0x3c  MK60_conf.o [1]
  .text                ro code  0x00005e14    0x32  ABImemset48.o [5]
  .rodata              const    0x00005e48    0x30  MK60_dma.o [1]
  .rodata              const    0x00005e78    0x30  MK60_flash.o [1]
  .rodata              const    0x00005ea8    0x30  MK60_ftm.o [1]
  .rodata              const    0x00005ed8    0x30  MK60_gpio.o [1]
  .rodata              const    0x00005f08    0x30  MK60_PIT.o [1]
  .rodata              const    0x00005f38    0x30  MK60_uart.o [1]
  .rodata              const    0x00005f68    0x2c  misc.o [1]
  .text                ro code  0x00005f94    0x28  data_init.o [5]
  .rodata              const    0x00005fbc    0x24  MK60_conf.o [1]
  .rodata              const    0x00005fe0    0x24  VCAN_OV7725_Eagle.o [1]
  .rodata              const    0x00006004    0x24  VCAN_OV7725_Eagle.o [1]
  .iar.init_table      const    0x00006028    0x10  - Linker created -
  .rodata              const    0x00006038    0x20  MK60_conf.o [1]
  .rodata              const    0x00006058    0x20  VCAN_OV7725_Eagle.o [1]
  .text                ro code  0x00006078    0x1a  cmain.o [5]
  .text                ro code  0x00006092     0x4  low_level_init.o [3]
  .text                ro code  0x00006096     0x4  exit.o [3]
  .text                ro code  0x0000609c     0xa  cexit.o [5]
  .text                ro code  0x000060a8     0xc  XXexit.o [5]
  .rodata              const    0x000060b4    0x18  VCAN_OV7725_Eagle.o [1]
  .rodata              const    0x000060cc    0x18  VCAN_OV7725_Eagle.o [1]
  .text                ro code  0x000060e4    0x16  xprout.o [3]
  .text                ro code  0x000060fc     0xc  putchar.o [3]
  .rodata              const    0x00006108    0x14  MK60_conf.o [1]
  .rodata              const    0x0000611c    0x14  VCAN_OV7725_Eagle.o [1]
  .rodata              const    0x00006130    0x10  core.o [1]
  .rodata              const    0x00006140    0x10  core.o [1]
  .rodata              const    0x00006150     0xc  core.o [1]
  .rodata              const    0x0000615c     0xc  core.o [1]
  .text                ro code  0x00006168     0xc  cstartup_M.o [5]
  .rodata              const    0x00006174     0x8  core.o [1]
  .rodata              const    0x0000617c     0x8  core.o [1]
  .text                ro code  0x00006184     0x6  ABImemclr4.o [5]
  .rodata              const    0x0000618a     0x0  zero_init3.o [5]
  Initializer bytes    const    0x0000618c    0x88  <for P2 s0>
                              - 0x00006214  0x5dfc

"P2":                                       0x3a8c
  CodeRelocateRam               0x14000000   0x8fc  <Block>
    CodeRelocateRam-1           0x14000000   0x8fc  <Init block>
      Veneer           inited   0x14000000     0x8  - Linker created -
      .textrw          inited   0x14000008   0x620  core.o [1]
      Veneer           inited   0x14000628     0x8  - Linker created -
      .textrw          inited   0x14000630   0x188  MK60_flash.o [1]
      .textrw          inited   0x140007b8    0xf4  MK60_ftm.o [1]
      .textrw          inited   0x140008ac    0x50  MK60_mcg.o [1]
  .data                         0x140008fc   0x878  <Block>
    .data-1                     0x140008fc   0x878  <Init block>
      .data            inited   0x140008fc     0x1  core.o [1]
      .data            inited   0x140008fd     0x1  core.o [1]
      .data            inited   0x140008fe     0x2  core.o [1]
      .data            inited   0x14000900     0x2  core.o [1]
      .data            inited   0x14000902     0x2  core.o [1]
      .data            inited   0x14000904     0x2  core.o [1]
      .data            inited   0x14000906     0x2  core.o [1]
      .data            inited   0x14000908     0x2  core.o [1]
      .data            inited   0x1400090c   0x708  MK60_conf.o [1]
      .data            inited   0x14001014     0xc  MK60_ftm.o [1]
      .data            inited   0x14001020    0x14  MK60_gpio.o [1]
      .data            inited   0x14001034    0x58  MK60_mcg.o [1]
      .data            inited   0x1400108c     0x4  MK60_mcg.o [1]
      .data            inited   0x14001090    0x14  MK60_port.o [1]
      .data            inited   0x140010a4    0x18  MK60_uart.o [1]
      .data            inited   0x140010bc     0x8  VCAN_key.o [1]
      .data            inited   0x140010c4     0x4  VCAN_LED.o [1]
      .data            inited   0x140010c8     0x1  VCAN_OV7725_Eagle.o [1]
      .data            inited   0x140010cc    0x64  VCAN_OV7725_Eagle.o [1]
      .data            inited   0x14001130     0x1  VCAN_OV7725_Eagle.o [1]
      .data            inited   0x14001134    0x40  xfiles.o [3]
  .bss                          0x14001174  0x2890  <Block>
    .bss               zero     0x14001174   0x258  core.o [1]
    .bss               zero     0x140013cc  0x12c0  core.o [1]
    .bss               zero     0x1400268c  0x12c0  core.o [1]
    .bss               zero     0x1400394c     0x4  core.o [1]
    .bss               zero     0x14003950     0x4  core.o [1]
    .bss               zero     0x14003954    0x40  MK60_dma.o [1]
    .bss               zero     0x14003994     0x4  system_MK60DZ10.o [1]
    .bss               zero     0x14003998     0x4  system_MK60DZ10.o [1]
    .bss               zero     0x1400399c     0x4  system_MK60DZ10.o [1]
    .bss               zero     0x140039a0     0x4  VCAN_OV7725_Eagle.o [1]
    .bss               zero     0x140039a4    0x50  xfiles.o [3]
    .bss               zero     0x140039f4     0x2  core.o [1]
    .bss               zero     0x140039f6     0x2  core.o [1]
    .bss               zero     0x140039f8     0x1  core.o [1]
    .bss               zero     0x140039f9     0x1  core.o [1]
    .bss               zero     0x140039fa     0x1  core.o [1]
    .bss               zero     0x140039fb     0x1  core.o [1]
    .bss               zero     0x140039fc     0x1  core.o [1]
    .bss               zero     0x140039fd     0x1  core.o [1]
    .bss               zero     0x140039fe     0x1  core.o [1]
    .bss               zero     0x140039ff     0x1  core.o [1]
    .bss               zero     0x14003a00     0x1  core.o [1]
  P2 s0                         0x14003a04    0x88  <Init block>
    __DLIB_PERTHREAD   inited   0x14003a04    0x88  localeconv.o [3]
                              - 0x14003a8c  0x3a8c


*******************************************************************************
*** INIT TABLE
***

          Address     Size
          -------     ----
Zero (__iar_zero_init3)
    1 destination range, total size 0x288d:
          0x14001174  0x288d



*******************************************************************************
*** MODULE SUMMARY
***

    Module                 ro code  rw code  ro data  rw data
    ------                 -------  -------  -------  -------
E:\飞思卡尔资料\YueYe (1)\Prj\IAR\FX15_Debug\Obj: [1]
    MK60_DWT.o                 120
    MK60_PIT.o                 396                48
    MK60_conf.o                320             1 950    1 800
    MK60_dma.o               1 232                48       64
    MK60_flash.o                        392      440
    MK60_ftm.o                 684      244      304       12
    MK60_gpio.o                420                68       20
    MK60_mcg.o                 980       80      172       92
    MK60_port.o                176                20       20
    MK60_uart.o                576                72       24
    MK60_wdog.o                 64
    OLED.o                   1 264               552
    VCAN_LED.o                  80                 4        4
    VCAN_OV7725_Eagle.o        556               277      106
    VCAN_SCCB.o                866
    VCAN_key.o                 156                 8        8
    core.o                   3 492    1 568    1 656   10 235
    main.o                     506
    misc.o                      80                44
    startup_MK60DZ10.o           8
    system_MK60DZ10.o          292                         12
    vectors.o                                  1 040
    ---------------------------------------------------------
    Total:                  12 268    2 284    6 703   12 397

command line: [2]
    ---------------------------------------------------------
    Total:

dl7M_tlf.a: [3]
    div.o                       14
    exit.o                       4
    localeconv.o               108               136      136
    low_level_init.o             4
    printf.o                    36
    putchar.o                   12
    xfiles.o                                      67      144
    xprintflarge_nomb.o      3 062
    xprout.o                    22
    xtls.o                       2
    ---------------------------------------------------------
    Total:                   3 264               203      280

m7M_tl.a: [4]
    DblAdd.o                   212
    DblCmpLe.o                  46
    DblDiv.o                   598
    DblMul.o                   418
    DblSub.o                   384
    DblToI32.o                  44
    I32ToDbl.o                  28
    xdnorm.o                    66
    ---------------------------------------------------------
    Total:                   1 796

rt7M_tl.a: [5]
    ABImemclr4.o                 6
    ABImemcpy_unaligned.o      118
    ABImemset48.o               50
    I64DivMod.o                238
    I64DivZer.o                  2
    XXexit.o                    12
    cexit.o                     10
    cmain.o                     26
    cstartup_M.o                12
    data_init.o                 40
    memchr.o                    88
    strchr.o                    22
    strlen.o                    54
    zero_init3.o                64
    ---------------------------------------------------------
    Total:                     742

    Gaps                        26                 2        8
    Linker created              64       16       38
-------------------------------------------------------------
    Grand Total:            18 160    2 300    6 946   12 685


*******************************************************************************
*** ENTRY LIST
***

Entry                      Address    Size  Type      Object
-----                      -------    ----  ----      ------
.bss$$Base              0x14001174           --   Gb  - Linker created -
.bss$$Limit             0x14003a04           --   Gb  - Linker created -
.data$$Base             0x140008fc           --   Gb  - Linker created -
.data$$Limit            0x14001174           --   Gb  - Linker created -
.data_init$$Base        0x00004b68           --   Gb  - Linker created -
.data_init$$Limit       0x000053e4           --   Gb  - Linker created -
.iar.init_table$$Base   0x00006028           --   Gb  - Linker created -
.iar.init_table$$Limit  0x00006038           --   Gb  - Linker created -
?main                   0x00006079          Code  Gb  cmain.o [5]
ASSERT_FAILED_STR       0x00005fbc    0x24  Data  Gb  MK60_conf.o [1]
CodeRelocate$$Base      0x0000426c           --   Gb  - Linker created -
CodeRelocate$$Limit     0x00004b68           --   Gb  - Linker created -
CodeRelocateRam$$Base   0x14000000           --   Gb  - Linker created -
CodeRelocateRam$$Limit  0x140008fc           --   Gb  - Linker created -
DMA0_IRQHandler         0x00001119    0x18  Code  Gb  core.o [1]
DMA1_IRQHandler         0x00001131    0x1a  Code  Gb  core.o [1]
DMA_count_Init          0x0000201f   0x1f6  Code  Gb  MK60_dma.o [1]
DMA_count_get           0x00002215    0x1c  Code  Gb  MK60_dma.o [1]
DMA_count_reset         0x00002231    0x18  Code  Gb  MK60_dma.o [1]
Encoder_Compute         0x000010d5    0x22  Code  Gb  core.o [1]
F6x8                    0x000057c0   0x228  Data  Gb  OLED.o [1]
FTMN                    0x14001014     0xc  Data  Gb  MK60_ftm.o [1]
FTM_PWM_Duty            0x140007b9    0xf4  Code  Gb  MK60_ftm.o [1]
FTM_PWM_init            0x000016a5   0x180  Code  Gb  MK60_ftm.o [1]
FTM_port_mux            0x0000158d   0x118  Code  Lc  MK60_ftm.o [1]
GPIOX                   0x14001020    0x14  Data  Gb  MK60_gpio.o [1]
Init_All                0x00005a8f    0xba  Code  Gb  main.o [1]
Init_Key                0x00005b71    0x72  Code  Gb  main.o [1]
KEY_PTxn                0x140010bc     0x8  Data  Gb  VCAN_key.o [1]
LED_PTxn                0x140010c4     0x4  Data  Gb  VCAN_LED.o [1]
LoadInt                 0x00003259    0x6e  Code  Lc  xprintflarge_nomb.o [3]
NVIC_DisableIRQ         0x000022a9    0x14  Code  Lc  VCAN_OV7725_Eagle.o [1]
NVIC_EnableIRQ          0x000059f3    0x14  Code  Lc  main.o [1]
NVIC_EnableIRQ          0x00001dc5    0x16  Code  Lc  MK60_dma.o [1]
NVIC_EnableIRQ          0x00002295    0x14  Code  Lc  VCAN_OV7725_Eagle.o [1]
NVIC_EncodePriority     0x00005a2d    0x3e  Code  Lc  main.o [1]
NVIC_GetPriorityGrouping
                        0x000059e9     0xa  Code  Lc  main.o [1]
NVIC_SetPriority        0x00005a07    0x26  Code  Lc  main.o [1]
NVIC_SystemReset        0x00002581    0x1a  Code  Lc  MK60_conf.o [1]
OLED_6x8Str             0x00001b01    0xa4  Code  Gb  OLED.o [1]
OLED_Fill               0x000018d1    0x40  Code  Gb  OLED.o [1]
OLED_Init               0x00000753     0xc  Code  Gb  core.o [1]
OLED_Parameter          0x000009e5   0x28e  Code  Gb  core.o [1]
OLED_PrintImage         0x00001c1b   0x10e  Code  Gb  OLED.o [1]
OLED_SetPos             0x00001911    0x28  Code  Gb  OLED.o [1]
OLED_WrCmd              0x00001885    0x4c  Code  Gb  OLED.o [1]
OLED_WrDat              0x00001839    0x4a  Code  Gb  OLED.o [1]
OLED_init               0x00001a51    0xb0  Code  Gb  OLED.o [1]
OLED_model              0x000007ab    0xb6  Code  Gb  core.o [1]
OLED_scan_model         0x00000861   0x11c  Code  Gb  core.o [1]
OLED_show               0x0000075f    0x4c  Code  Gb  core.o [1]
OLED_show_img           0x0000097d    0x60  Code  Gb  core.o [1]
OLED_xs_number          0x00001bb9    0x62  Code  Gb  OLED.o [1]
PIT0_IRQHandler         0x00001151    0x1a  Code  Gb  core.o [1]
PORTA_IRQHandler        0x000010f7    0x22  Code  Gb  core.o [1]
PORTX                   0x14001090    0x14  Data  Gb  MK60_port.o [1]
Region$$Table$$Base     0x00006028           --   Gb  - Linker created -
Region$$Table$$Limit    0x00006038           --   Gb  - Linker created -
Reset_Handler           0x00000411          Code  Gb  startup_MK60DZ10.o [1]
SCCB_Ack                0x00002795    0x3c  Code  Lc  VCAN_SCCB.o [1]
SCCB_GPIO_init          0x000026db    0x28  Code  Gb  VCAN_SCCB.o [1]
SCCB_NoAck              0x000027d1    0x3c  Code  Lc  VCAN_SCCB.o [1]
SCCB_ReadByte           0x00002971    0x2c  Code  Gb  VCAN_SCCB.o [1]
SCCB_ReadByte_one       0x0000299d    0x86  Code  Lc  VCAN_SCCB.o [1]
SCCB_ReceiveByte        0x0000289d    0x54  Code  Lc  VCAN_SCCB.o [1]
SCCB_SendByte           0x00002859    0x44  Code  Lc  VCAN_SCCB.o [1]
SCCB_Start              0x00002703    0x5e  Code  Lc  VCAN_SCCB.o [1]
SCCB_Stop               0x00002761    0x34  Code  Lc  VCAN_SCCB.o [1]
SCCB_WaitAck            0x0000280d    0x4c  Code  Lc  VCAN_SCCB.o [1]
SCCB_WriteByte          0x00002901    0x28  Code  Gb  VCAN_SCCB.o [1]
SCCB_WriteByte_one      0x00002929    0x48  Code  Lc  VCAN_SCCB.o [1]
SCCB_delay              0x000026c1    0x1a  Code  Lc  VCAN_SCCB.o [1]
Scan                    0x14000009   0x454  Code  Gb  core.o [1]
SetAddressingMode       0x00001939    0x14  Code  Gb  OLED.o [1]
SetChargePump           0x00001971    0x16  Code  Gb  OLED.o [1]
SetCommonConfig         0x00001a27    0x16  Code  Gb  OLED.o [1]
SetCommonRemap          0x000019db    0x10  Code  Gb  OLED.o [1]
SetContrastControl      0x0000195d    0x14  Code  Gb  OLED.o [1]
SetDisplayClock         0x000019ff    0x14  Code  Gb  OLED.o [1]
SetDisplayOffset        0x000019eb    0x14  Code  Gb  OLED.o [1]
SetDisplayOnOff         0x000019cb    0x10  Code  Gb  OLED.o [1]
SetEntireDisplay        0x00001997    0x10  Code  Gb  OLED.o [1]
SetInverseDisplay       0x000019a7    0x10  Code  Gb  OLED.o [1]
SetMultiplexRatio       0x000019b7    0x14  Code  Gb  OLED.o [1]
SetPrechargePeriod      0x00001a13    0x14  Code  Gb  OLED.o [1]
SetSegmentRemap         0x00001987    0x10  Code  Gb  OLED.o [1]
SetStartLine            0x0000194d    0x10  Code  Gb  OLED.o [1]
SetVCOMH                0x00001a3d    0x14  Code  Gb  OLED.o [1]
Turn                    0x00000fdf    0x64  Code  Gb  core.o [1]
UARTN                   0x140010a4    0x18  Data  Gb  MK60_uart.o [1]
Ultrasonic_Compute      0x00000519   0x1e4  Code  Gb  core.o [1]
Ultrasonic_Init         0x000004cf    0x4a  Code  Gb  core.o [1]
_GenldLargeNoMb         0x0000364d   0x238  Code  Lc  xprintflarge_nomb.o [3]
_LdtobLargeNoMb         0x000033cd   0x27a  Code  Lc  xprintflarge_nomb.o [3]
_LitobLargeNoMb         0x000032c7   0x106  Code  Lc  xprintflarge_nomb.o [3]
_Locale_aeabi_lconv     0x14003a54    0x38  Data  Gb  localeconv.o [3]
_Locale_lconv           0x14003a04    0x50  Data  Gb  localeconv.o [3]
_PrintfLargeNoMb        0x00002cd9   0x57a  Code  Gb  xprintflarge_nomb.o [3]
_Prout                  0x000060e5    0x16  Code  Gb  xprout.o [3]
_PutcharsLargeNoMb      0x00003885    0x2e  Code  Lc  xprintflarge_nomb.o [3]
__BOOT_STACK_ADDRESS {Abs}
                        0x2000fff8           --   Gb  command line/config [2]
__VECTOR_RAM {Abs}      0x1fff0000           --   Gb  command line/config [2]
__VECTOR_TABLE {Abs}    0x00000000           --   Gb  command line/config [2]
__aeabi_cdcmple         0x00003b21          Code  Gb  DblCmpLe.o [4]
__aeabi_d2uiz           0x00003f4d          Code  Gb  DblToI32.o [4]
__aeabi_ddiv            0x00003cf5          Code  Gb  DblDiv.o [4]
__aeabi_dmul            0x00003b51          Code  Gb  DblMul.o [4]
__aeabi_dsub            0x00003f95          Code  Gb  DblSub.o [4]
__aeabi_ldiv0           0x00004191          Code  Gb  I64DivZer.o [5]
__aeabi_memclr4         0x00006185          Code  Gb  ABImemclr4.o [5]
__aeabi_ui2d            0x00003f79          Code  Gb  I32ToDbl.o [4]
__aeabi_uldivmod        0x00003979          Code  Gb  I64DivMod.o [5]
__cmain                 0x00006079          Code  Gb  cmain.o [5]
__code_start__ {Abs}    0x00000410           --   Gb  command line/config [2]
__exit                  0x000060a9          Code  Gb  XXexit.o [5]
__iar_Dnorm             0x00003adf    0x42  Code  Gb  xdnorm.o [4]
__iar_Locale_lconv_init
                        0x00004115    0x3a  Code  Gb  localeconv.o [3]
__iar_Memchr            0x00003921          Code  Gb  memchr.o [5]
__iar_Memset4_word      0x00005e15          Code  Gb  ABImemset48.o [5]
__iar_Memset8_word      0x00005e15          Code  Gb  ABImemset48.o [5]
__iar_Stdout            0x14001134    0x40  Data  Gb  xfiles.o [3]
__iar_Strchr            0x000038d1          Code  Gb  strchr.o [5]
__iar_d2uiz             0x00003f59          Code  Gb  DblToI32.o [4]
__iar_dadd              0x00004195          Code  Gb  DblAdd.o [4]
__iar_data_init3        0x00005f95    0x28  Code  Gb  data_init.o [5]
__iar_dlib_perthread_access
                        0x00004269     0x2  Code  Gb  xtls.o [3]
__iar_dsub              0x00003fa9          Code  Gb  DblSub.o [4]
__iar_dsubStart         0x00003fbb          Code  Gb  DblSub.o [4]
__iar_program_start     0x00006169          Code  Gb  cstartup_M.o [5]
__iar_ui2d              0x00003f7d          Code  Gb  I32ToDbl.o [4]
__iar_unaligned___aeabi_memcpy
                        0x00003a69          Code  Gb  ABImemcpy_unaligned.o [5]
__iar_unaligned___aeabi_memcpy4
                        0x00003a89          Code  Gb  ABImemcpy_unaligned.o [5]
__iar_unaligned___aeabi_memcpy8
                        0x00003a89          Code  Gb  ABImemcpy_unaligned.o [5]
__iar_zero_init3        0x00005d99    0x40  Code  Gb  zero_init3.o [5]
__low_level_init        0x00006093     0x4  Code  Gb  low_level_init.o [3]
__vector_table          0x00000000   0x410  Data  Gb  vectors.o [1]
_call_main              0x00006085          Code  Gb  cmain.o [5]
_exit                   0x0000609d          Code  Gb  cexit.o [5]
_main                   0x0000608f          Code  Gb  cmain.o [5]
assert_failed           0x0000259b    0x26  Code  Gb  MK60_conf.o [1]
back                    0x000010a5    0x20  Code  Gb  core.o [1]
bus_clk_khz             0x1400399c     0x4  Data  Gb  system_MK60DZ10.o [1]
checkKey                0x00000ca1   0x33e  Code  Gb  core.o [1]
common_startup          0x00005c89    0x98  Code  Gb  system_MK60DZ10.o [1]
core_clk_khz            0x14003994     0x4  Data  Gb  system_MK60DZ10.o [1]
core_clk_mhz            0x14003998     0x4  Data  Gb  system_MK60DZ10.o [1]
count_init              0x14003954    0x40  Data  Gb  MK60_dma.o [1]
default_isr             0x0000266f    0x30  Code  Gb  MK60_conf.o [1]
div                     0x00004181     0xe  Code  Gb  div.o [3]
dma_portx2buff_init     0x00001ddb   0x244  Code  Gb  MK60_dma.o [1]
dwt_delay_ms            0x000013e9    0x18  Code  Gb  MK60_DWT.o [1]
dwt_delay_us            0x00001389    0x4e  Code  Gb  MK60_DWT.o [1]
exit                    0x00006097     0x4  Code  Gb  exit.o [3]
flash_cmd               0x14000631    0x20  Code  Gb  MK60_flash.o [1]
flash_erase_sector      0x1400066d    0x5c  Code  Gb  MK60_flash.o [1]
flash_init              0x14000651    0x1c  Code  Gb  MK60_flash.o [1]
flash_write             0x140006c9    0xb4  Code  Gb  MK60_flash.o [1]
fputc                   0x000025c1    0x14  Code  Gb  MK60_conf.o [1]
go                      0x140005bb    0x20  Code  Gb  core.o [1]
go_s                    0x1400045d    0x30  Code  Gb  core.o [1]
gpio_get                0x00001341    0x3e  Code  Gb  MK60_gpio.o [1]
gpio_init               0x000011e5    0xae  Code  Gb  MK60_gpio.o [1]
gpio_set                0x00001293    0x74  Code  Gb  MK60_gpio.o [1]
gpio_turn               0x00001307    0x3a  Code  Gb  MK60_gpio.o [1]
img                     0x140013cc  0x12c0  Data  Gb  core.o [1]
img_OLED                0x1400268c  0x12c0  Data  Gb  core.o [1]
img_extract             0x00000441    0x8e  Code  Gb  core.o [1]
imgbuff                 0x14001174   0x258  Data  Gb  core.o [1]
key_check               0x00001d95    0x2a  Code  Gb  VCAN_key.o [1]
key_get                 0x00001d7b    0x1a  Code  Gb  VCAN_key.o [1]
key_init                0x00001d29    0x52  Code  Gb  VCAN_key.o [1]
led_init                0x00002a49    0x3a  Code  Gb  VCAN_LED.o [1]
led_turn                0x00002a83    0x10  Code  Gb  VCAN_LED.o [1]
left                    0x140005db    0x18  Code  Gb  core.o [1]
left_s                  0x1400048d    0x3a  Code  Gb  core.o [1]
limit_flag              0x140039f9     0x1  Data  Gb  core.o [1]
limit_speed             0x14000900     0x2  Data  Gb  core.o [1]
localeconv              0x0000414f    0x16  Code  Gb  localeconv.o [3]
main                    0x00005a6b    0x24  Code  Gb  main.o [1]
mcg_cfg                 0x14001034    0x58  Data  Gb  MK60_mcg.o [1]
mcg_div                 0x1400108c     0x4  Data  Gb  MK60_mcg.o [1]
mcg_div_count           0x000053ed   0x304  Code  Gb  MK60_mcg.o [1]
memchr                  0x00003921          Code  Gb  memchr.o [5]
menu_choose             0x140039fa     0x1  Data  Gb  core.o [1]
menu_model              0x140039fd     0x1  Data  Gb  core.o [1]
model                   0x140008fd     0x1  Data  Gb  core.o [1]
motor_init              0x000006fd    0x34  Code  Gb  core.o [1]
obuf                    0x140039a4    0x50  Data  Lc  xfiles.o [3]
oled_show_img_flag      0x140039fe     0x1  Data  Gb  core.o [1]
ov7725_eagle_cfgnum     0x14001130     0x1  Data  Gb  VCAN_OV7725_Eagle.o [1]
ov7725_eagle_dma        0x0000236d    0x14  Code  Gb  VCAN_OV7725_Eagle.o [1]
ov7725_eagle_get_img    0x00002381    0x42  Code  Gb  VCAN_OV7725_Eagle.o [1]
ov7725_eagle_img_buff   0x140039a0     0x4  Data  Gb  VCAN_OV7725_Eagle.o [1]
ov7725_eagle_img_flag   0x140010c8     0x1  Data  Gb  VCAN_OV7725_Eagle.o [1]
ov7725_eagle_init       0x000022bd    0x18  Code  Gb  VCAN_OV7725_Eagle.o [1]
ov7725_eagle_port_init  0x000022d5    0x54  Code  Lc  VCAN_OV7725_Eagle.o [1]
ov7725_eagle_reg        0x140010cc    0x64  Data  Gb  VCAN_OV7725_Eagle.o [1]
ov7725_eagle_reg_init   0x000023c3    0xb0  Code  Lc  VCAN_OV7725_Eagle.o [1]
ov7725_eagle_vsync      0x00002329    0x44  Code  Gb  VCAN_OV7725_Eagle.o [1]
parameter_choose        0x140039fb     0x1  Data  Gb  core.o [1]
pit0_flag               0x14003a00     0x1  Data  Gb  core.o [1]
pit_init                0x00001401    0x6c  Code  Gb  MK60_PIT.o [1]
pit_time_close          0x0000154b    0x32  Code  Gb  MK60_PIT.o [1]
pit_time_get            0x000014e7    0x64  Code  Gb  MK60_PIT.o [1]
pit_time_start          0x0000146d    0x7a  Code  Gb  MK60_PIT.o [1]
pll_init                0x000056f1    0xb2  Code  Gb  MK60_mcg.o [1]
port_init               0x000024c1    0x44  Code  Gb  MK60_port.o [1]
port_init_NoALT         0x00002505    0x62  Code  Gb  MK60_port.o [1]
printf                  0x00002a25    0x24  Code  Gb  printf.o [3]
putchar                 0x000060fd     0xc  Code  Gb  putchar.o [3]
right                   0x140005f3    0x18  Code  Gb  core.o [1]
right_s                 0x140004c7    0x3a  Code  Gb  core.o [1]
scan_choose             0x140039fc     0x1  Data  Gb  core.o [1]
set_sys_dividers        0x140008ad    0x50  Code  Gb  MK60_mcg.o [1]
set_vector_handler      0x00005c07    0x22  Code  Gb  misc.o [1]
size                    0x140008fc     0x1  Data  Gb  core.o [1]
slow                    0x00001043    0x5a  Code  Gb  core.o [1]
speed_count             0x14003950     0x4  Data  Gb  core.o [1]
speed_limit             0x00000731    0x22  Code  Gb  core.o [1]
speed_out               0x140008fe     0x2  Data  Gb  core.o [1]
start                   0x00005c35    0x18  Code  Gb  system_MK60DZ10.o [1]
start_check             0x000025d5    0x9a  Code  Gb  MK60_conf.o [1]
steer_mid               0x14000904     0x2  Data  Gb  core.o [1]
steer_mid_debug         0x14000902     0x2  Data  Gb  core.o [1]
steer_wucha             0x140039f6     0x2  Data  Gb  core.o [1]
stop_time               0x14000908     0x2  Data  Gb  core.o [1]
strchr                  0x000038d1          Code  Gb  strchr.o [5]
strlen                  0x000038e9          Code  Gb  strlen.o [5]
sysinit                 0x00005c4d    0x3c  Code  Gb  system_MK60DZ10.o [1]
turn_direction          0x140039ff     0x1  Data  Gb  core.o [1]
turn_distance           0x14000906     0x2  Data  Gb  core.o [1]
turn_s                  0x14000501    0xba  Code  Gb  core.o [1]
uart_init               0x00002a99   0x20e  Code  Gb  MK60_uart.o [1]
uart_putchar            0x00002ca7    0x1a  Code  Gb  MK60_uart.o [1]
ud                      0x140039f8     0x1  Data  Gb  core.o [1]
ultrasonic_distance     0x140039f4     0x2  Data  Gb  core.o [1]
ultrasonic_flag         0x1400394c     0x4  Data  Gb  core.o [1]
vector_str              0x1400090c   0x708  Data  Gb  MK60_conf.o [1]
wdog_disable            0x00005d59    0x16  Code  Gb  MK60_wdog.o [1]
wdog_unlock             0x00005d6f    0x20  Code  Lc  MK60_wdog.o [1]
write_vtor              0x00005be5    0x22  Code  Gb  misc.o [1]


[1] = E:\飞思卡尔资料\YueYe (1)\Prj\IAR\FX15_Debug\Obj
[2] = command line
[3] = dl7M_tlf.a
[4] = m7M_tl.a
[5] = rt7M_tl.a

  18 160 bytes of readonly  code memory
   2 300 bytes of readwrite code memory
   6 946 bytes of readonly  data memory
  12 685 bytes of readwrite data memory

Errors: none
Warnings: none
